/var/folders/m1/rjkyp1xs6cq4ss6rdgg3ysn40000gn/T/tmpcpk2ifu3
